Botan
ImageMagick
NetworkManager
adjtimex
alsa
appres
audit-secondary
audit
autocutsel
bitmap
dante
dhcp
dia
ding-libs
docbook-xsl-stylesheets
ebtables
editres
ethtool
fetchmail
freerdp
ft2demos
gimp
gstreamer-doc
gstreamer
gtkhtml
gzip
ibus-table-chinese
ibus-table-others
ibus-table
ibus
icu
inkscape
intel-gpu-tools
javassist
kbd
kiwi
krb5-mini
krb5
ledmon
libgpg-error
libgsf
libpng12
libqt5-qtwebkit
libquvi-scripts
libusnic_verbs-rdmav2
libvirt-cim
libvirt-python
lighttpd
listres
llvm
mcelog
mcstrans
netcontrol
nfsidmap
numactl
open-lldp
openldap2-client
openldap2
os-prober
perl-Crypt-Rijndael
perl-Module-Implementation
perl-Sys-Virt
perl-XML-Simple
pesign-obs-integration
postgresql-init
ppc64-diag
python-cinderclient
python-hgtools
python-keystoneclient
python-numpy-doc
python-numpy
radvd
rendercheck
rng-tools
rubygem-coderay
sbd
sbl
squidGuard
tuned
twm
udisks2
usb_modeswitch
viewres
wicked
x11perf
x3270
xclock
xcursor-themes
xev
xeyes
xfd
xfontsel
xkill
xlogo
xlsatoms
xlsclients
xlsfonts
xmag
xorg-x11-driver-input
xorg-x11-fonts
xterm
xvinfo
yast2-printer
yast2-scanner
