DirectFB
IPython
Mesa
ModemManager
MozillaFirefox
NetworkManager-gnome
PackageKit
WALinuxAgent
aaa_base
ant-antlr
ant
apache2-mod_jk
apache2-mod_security2
apache2
apparmor
aspell
at-spi2-atk
at-spi2-core
at
autofs
avahi-glib2
avahi-qt4
avahi
bind
boost
btrfsmaintenance
btrfsprogs
canna
caribou
cifs-utils
cluster-glue
clutter
cmake
cobbler
colord
coreutils-testsuite
coreutils
corosync
cpuset
crash
crmsh
cronie
cross-aarch64-gcc48-icecream-backend
cross-armv6hl-gcc48-icecream-backend
cross-armv7hl-gcc48-icecream-backend
cross-hppa-gcc48-icecream-backend
cross-i386-gcc48-icecream-backend
cross-ia64-gcc48-icecream-backend
cross-ppc-gcc48-icecream-backend
cross-ppc64-gcc48-icecream-backend
cross-s390-gcc48-icecream-backend
cross-s390x-gcc48-icecream-backend
cross-x86_64-gcc48-icecream-backend
cryptsetup
csync
ctemplate
cups-filters
cups
curl
cyrus-imapd
cyrus-sasl-saslauthd
cyrus-sasl
dapl-debug
dapl
dasher
dbus-1-x11
dbus-1
dconf
desktop-translations
duperemove
e2fsprogs
evolution-data-server
evolution
fcitx
fence-agents
filesystem
firmwarekit
fltk
folks
freetype2
gcc
gcc48
gd
gdb
gdm
ghostscript-mini
ghostscript
git
gkrellm
glade
glib2
gnome-calculator
gnome-clocks
gnome-control-center
gnome-desktop
gnome-disk-utility
gnome-keyring
gnome-online-accounts
gnome-packagekit
gnome-patch-translation
gnome-power-manager
gnome-session
gnome-settings-daemon
gnome-shell-extensions
gnome-shell
gnome-terminal
gnome-tweak-tool
gnote
gnutls
gobject-introspection
gperftools
graphviz-plugins
graphviz
grub2
gsettings-desktop-schemas
gstreamer-plugins-bad
gtk2
gtk3
gvfs
ha-cluster-bootstrap
hawk
hdf5
hplip
i4l-base
ibutils
icedtea-web
icewm
iproute2
iprutils
ipset
iputils
jasper
java-1_7_0-openjdk-plugin
java-atk-wrapper
jbigkit
kdebase4-runtime
kdelibs4-apidocs
kdelibs4
kexec-tools
kmod
lftp
libXfont
libaio
libcaca
libcap-ng-python
libcap-ng
libcpuset
libdlm
libdrm
libffi48
libgcj48
libgcrypt
libgda
libgdata
libgtop
libgweather
libibmad
libibverbs
libmlx4-rdmav2
libmlx5-rdmav2
libmms
libmng
libpcap
libpng16
libqmi
libqt4-devel-doc
libqt4-sql-plugins
libqt4
libqt5-qtbase
libqt5-qtmultimedia
librdmacm
libreoffice
librtas
libseccomp
libtirpc
libusb-1_0
libva
libvirt-glib
libvirt
libwmf
libxml2
libyaml
libyui-ncurses-doc
libyui-ncurses
libzypp
liferea
linux-glibc-devel
lio-utils
ltrace
lua
lvm2
mailx
makedumpfile
mariadb
mdadm
media-player-info
mksh
mozilla-nspr
mozilla-nss
mutter
nautilus
neard
nepomuk-core
net-snmp
nfs-utils
open-iscsi
open-vm-tools
openct
openlmi-tools
openmpi
openobex
openscap
opensm
openssh-askpass-gnome
openssh
openssl
openvswitch
oprofile
orca
pacemaker
pam
pango
papi
pcsc-lite
perf
perl-Devel-StackTrace
perl-Net-SSLeay
perl-Term-ProgressBar
perl
php5
pidgin
pkg-config
poppler-qt
poppler
postfix
postgresql93-libs
postgresql93
python-Cython
python-PrettyTable
python-Twisted
python-ceilometerclient
python-cliff
python-glanceclient
python-gobject
python-jsonpatch
python-jsonpointer
python-libmount
python-libxml2
python-netaddr
python-oslo.config
python-pexpect
python-pip
python-psutil
python-pycurl
python-pywbem
python-rtslib
python-setuptools
python-six
python-smbc
python-stevedore
python-warlock
python3-cairo
python3-cssselect
python3-gobject
python3-rpm
qemu-linux-user
qemu
quilt
resource-agents
rpcbind
rpm-python
rpm
rrdtool
rsyslog
rtkit
ruby
rubygem-actionpack-3_2
rubygem-bundler
rubygem-diff-lcs
rubygem-erubis
rubygem-fast_gettext
rubygem-gettext
rubygem-gettext_i18n_rails
rubygem-hashie
rubygem-hiera
rubygem-highline
rubygem-hike
rubygem-i18n
rubygem-ipaddress
rubygem-journey-1_0
rubygem-json_pure
rubygem-locale
rubygem-mail
rubygem-method_source
rubygem-mime-types-1
rubygem-mini_portile
rubygem-mixlib-authentication
rubygem-mixlib-cli
rubygem-mixlib-log
rubygem-mixlib-shellout
rubygem-multi_json
rubygem-net-ssh-gateway
rubygem-net-ssh
rubygem-nokogiri
rubygem-packaging_rake_tasks
rubygem-polyglot
rubygem-pry
rubygem-rack-1_4
rubygem-rack-cache-1_2
rubygem-rack-ssl
rubygem-rack-test-0_6
rubygem-rdoc-3
rubygem-rest-client
rubygem-rspec-core
rubygem-rspec-expectations
rubygem-rspec-mocks
rubygem-rspec
rubygem-ruby-dbus
rubygem-ruby-shadow
rubygem-slop
rubygem-sprockets-2_2
rubygem-text
rubygem-thor
rubygem-tilt-1_1
rubygem-tilt
rubygem-treetop
rubygem-tzinfo-0
rubygem-yajl-ruby
rubygem-yard
rubygem-yast-rake
s3fs
seed
sg3_utils
shim
shotwell
spamassassin
sparse
speech-dispatcher
spice-gtk
spice
squid
src_vipa
sssd
star
strace
strongswan
sudo
suse-build-key
swig
syslog-ng
targetcli
tcl
telepathy-glib
tgt
tigervnc
tracker-extras
tracker
translation-update-upstream
translation-update
trousers
upower
usbutils
util-linux-systemd
util-linux
vala
vim
vinagre
virt-sandbox
webkitgtk
webkitgtk3
wpa_supplicant
xalan-j2
xdg-utils
xdm
xerces-j2
xf86-input-vmmouse
xf86-input-wacom
xf86-video-ast
xf86-video-ati
xf86-video-intel
xf86-video-mga
xf86-video-modesetting
xf86-video-nouveau
xf86-video-qxl
xf86-video-vmware
xfsprogs
xmlcharent
xmldb-api
xorg-x11-driver-video
xorg-x11-libs
xorg-x11-server
xrandr
xscreensaver
yast2-bootloader
yast2-firewall
yast2-trans
yum
zeromq
